#
# There is insufficient memory for the Java Runtime Environment to continue.
# Native memory allocation (mmap) failed to map 264241152 bytes. Error detail: G1 virtual space
# Possible reasons:
#   The system is out of physical RAM or swap space
#   This process is running with CompressedOops enabled, and the Java Heap may be blocking the growth of the native heap
# Possible solutions:
#   Reduce memory load on the system
#   Increase physical memory or swap space
#   Check if swap backing store is full
#   Decrease Java heap size (-Xmx/-Xms)
#   Decrease number of Java threads
#   Decrease Java thread stack sizes (-Xss)
#   Set larger code cache with -XX:ReservedCodeCacheSize=
#   JVM is running with Zero Based Compressed Oops mode in which the Java heap is
#     placed in the first 32GB address space. The Java Heap base address is the
#     maximum limit for the native heap growth. Please use -XX:HeapBaseMinAddress
#     to set the Java Heap base and to place the Java Heap above 32GB virtual address.
# This output file may be truncated or incomplete.
#
#  Out of Memory Error (os_windows.cpp:3618), pid=23312, tid=22804
#
# JRE version:  (17.0.17+10) (build )
# Java VM: OpenJDK 64-Bit Server VM (17.0.17+10, mixed mode, sharing, tiered, compressed oops, compressed class ptrs, g1 gc, windows-amd64)
# No core dump will be written. Minidumps are not enabled by default on client versions of Windows
#

---------------  S U M M A R Y ------------

Command Line: -Dnet.bytebuddy.agent.attacher.dump= net.bytebuddy.agent.Attacher com.sun.tools.attach.VirtualMachine 22220 C:\Users\Asus\.m2\repository\net\bytebuddy\byte-buddy-agent\1.14.13\byte-buddy-agent-1.14.13.jar false 

Host: 12th Gen Intel(R) Core(TM) i7-12700H, 20 cores, 15G,  Windows 11 , 64 bit Build 26100 (10.0.26100.7705)
Time: Sun Feb  8 20:26:51 2026 India Standard Time elapsed time: 0.009601 seconds (0d 0h 0m 0s)

---------------  T H R E A D  ---------------

Current thread (0x00000292e1fd46f0):  JavaThread "Unknown thread" [_thread_in_vm, id=22804, stack(0x000000ff1c700000,0x000000ff1c800000)]

Stack: [0x000000ff1c700000,0x000000ff1c800000]
Native frames: (J=compiled Java code, j=interpreted, Vv=VM code, C=native code)
V  [jvm.dll+0x683fb9]
V  [jvm.dll+0x83a1b5]
V  [jvm.dll+0x83bc2e]
V  [jvm.dll+0x83c2b3]
V  [jvm.dll+0x248eff]
V  [jvm.dll+0x680d79]
V  [jvm.dll+0x675b7a]
V  [jvm.dll+0x3091a7]
V  [jvm.dll+0x310776]
V  [jvm.dll+0x360bbe]
V  [jvm.dll+0x360dfd]
V  [jvm.dll+0x2e022c]
V  [jvm.dll+0x2e1138]
V  [jvm.dll+0x80c6cb]
V  [jvm.dll+0x36e841]
V  [jvm.dll+0x7eb2a5]
V  [jvm.dll+0x3f444b]
V  [jvm.dll+0x3f5f31]
C  [jli.dll+0x52d0]
C  [ucrtbase.dll+0x37b0]
C  [KERNEL32.DLL+0x2e8d7]
C  [ntdll.dll+0x8c40c]


---------------  P R O C E S S  ---------------

Threads class SMR info:
_java_thread_list=0x00007ff847e07f58, length=0, elements={
}

Java Threads: ( => current thread )

Other Threads:
  0x00000292e2044bb0 GCTaskThread "GC Thread#0" [stack: 0x000000ff1c800000,0x000000ff1c900000] [id=23420]
  0x00000292e20572f0 ConcurrentGCThread "G1 Main Marker" [stack: 0x000000ff1c900000,0x000000ff1ca00000] [id=12664]
  0x00000292e2057d10 ConcurrentGCThread "G1 Conc#0" [stack: 0x000000ff1ca00000,0x000000ff1cb00000] [id=23088]

[error occurred during error reporting (printing all threads), id 0xc0000005, EXCEPTION_ACCESS_VIOLATION (0xc0000005) at pc=0x00007ff8475c0d57]

VM state: not at safepoint (not fully initialized)

VM Mutex/Monitor currently owned by a thread:  ([mutex/lock_event])
[0x00000292e1fd2700] Heap_lock - owner thread: 0x00000292e1fd46f0

Heap address: 0x0000000704e00000, size: 4018 MB, Compressed Oops mode: Zero based, Oop shift amount: 3

CDS archive(s) mapped at: [0x0000000000000000-0x0000000000000000-0x0000000000000000), size 0, SharedBaseAddress: 0x0000000800000000, ArchiveRelocationMode: 1.
Narrow klass base: 0x0000000000000000, Narrow klass shift: 0, Narrow klass range: 0x0

GC Precious Log:
<Empty>

Heap:
 garbage-first heap   total 0K, used 0K [0x0000000704e00000, 0x0000000800000000)
  region size 2048K, 0 young (0K), 0 survivors (0K)

[error occurred during error reporting (printing heap information), id 0xc0000005, EXCEPTION_ACCESS_VIOLATION (0xc0000005) at pc=0x00007ff8479ad5c9]

GC Heap History (0 events):
No events

Dll operation events (1 events):
Event: 0.006 Loaded shared library C:\Program Files\Java\jdk-17.0.17+10\bin\java.dll

Deoptimization events (0 events):
No events

Classes loaded (0 events):
No events

Classes unloaded (0 events):
No events

Classes redefined (0 events):
No events

Internal exceptions (0 events):
No events

VM Operations (0 events):
No events

Memory protections (0 events):
No events

Nmethod flushes (0 events):
No events

Events (0 events):
No events


Dynamic libraries:
0x00007ff62bc20000 - 0x00007ff62bc2e000 	C:\Program Files\Java\jdk-17.0.17+10\bin\java.exe
0x00007ff8ebc40000 - 0x00007ff8ebea8000 	C:\WINDOWS\SYSTEM32\ntdll.dll
0x00007ff8eb060000 - 0x00007ff8eb129000 	C:\WINDOWS\System32\KERNEL32.DLL
0x00007ff8e89d0000 - 0x00007ff8e8dc1000 	C:\WINDOWS\System32\KERNELBASE.dll
0x00007ff8e87d0000 - 0x00007ff8e891b000 	C:\WINDOWS\System32\ucrtbase.dll
0x00007ff8bc4a0000 - 0x00007ff8bc4b8000 	C:\Program Files\Java\jdk-17.0.17+10\bin\jli.dll
0x00007ff887e80000 - 0x00007ff887e9e000 	C:\Program Files\Java\jdk-17.0.17+10\bin\VCRUNTIME140.dll
0x00007ff8eb2c0000 - 0x00007ff8eb486000 	C:\WINDOWS\System32\USER32.dll
0x00007ff8e9010000 - 0x00007ff8e9037000 	C:\WINDOWS\System32\win32u.dll
0x00007ff8ce460000 - 0x00007ff8ce6f3000 	C:\WINDOWS\WinSxS\amd64_microsoft.windows.common-controls_6595b64144ccf1df_6.0.26100.7705_none_3e06597ae3363b04\COMCTL32.dll
0x00007ff8eb1d0000 - 0x00007ff8eb1fb000 	C:\WINDOWS\System32\GDI32.dll
0x00007ff8eb200000 - 0x00007ff8eb2a9000 	C:\WINDOWS\System32\msvcrt.dll
0x00007ff8e98b0000 - 0x00007ff8e99db000 	C:\WINDOWS\System32\gdi32full.dll
0x00007ff8e8720000 - 0x00007ff8e87c3000 	C:\WINDOWS\System32\msvcp_win.dll
0x00007ff8eb7a0000 - 0x00007ff8eb7d1000 	C:\WINDOWS\System32\IMM32.DLL
0x00007ff8e15c0000 - 0x00007ff8e15cc000 	C:\Program Files\Java\jdk-17.0.17+10\bin\vcruntime140_1.dll
0x00007ff865120000 - 0x00007ff8651ad000 	C:\Program Files\Java\jdk-17.0.17+10\bin\msvcp140.dll
0x00007ff8472d0000 - 0x00007ff847f3b000 	C:\Program Files\Java\jdk-17.0.17+10\bin\server\jvm.dll
0x00007ff8ea570000 - 0x00007ff8ea624000 	C:\WINDOWS\System32\ADVAPI32.dll
0x00007ff8eb6f0000 - 0x00007ff8eb796000 	C:\WINDOWS\System32\sechost.dll
0x00007ff8ea450000 - 0x00007ff8ea568000 	C:\WINDOWS\System32\RPCRT4.dll
0x00007ff8e9d70000 - 0x00007ff8e9de4000 	C:\WINDOWS\System32\WS2_32.dll
0x00007ff8e8380000 - 0x00007ff8e83de000 	C:\WINDOWS\SYSTEM32\POWRPROF.dll
0x00007ff8dc400000 - 0x00007ff8dc435000 	C:\WINDOWS\SYSTEM32\WINMM.dll
0x00007ff8cf870000 - 0x00007ff8cf87b000 	C:\WINDOWS\SYSTEM32\VERSION.dll
0x00007ff8e8360000 - 0x00007ff8e8374000 	C:\WINDOWS\SYSTEM32\UMPDC.dll
0x00007ff8e72b0000 - 0x00007ff8e72cb000 	C:\WINDOWS\SYSTEM32\kernel.appcore.dll
0x00007ff8bc490000 - 0x00007ff8bc49a000 	C:\Program Files\Java\jdk-17.0.17+10\bin\jimage.dll
0x00007ff8e6160000 - 0x00007ff8e63a2000 	C:\WINDOWS\SYSTEM32\DBGHELP.DLL
0x00007ff8e99e0000 - 0x00007ff8e9d66000 	C:\WINDOWS\System32\combase.dll
0x00007ff8eb610000 - 0x00007ff8eb6e7000 	C:\WINDOWS\System32\OLEAUT32.dll
0x00007ff8ccd60000 - 0x00007ff8ccd9b000 	C:\WINDOWS\SYSTEM32\dbgcore.DLL
0x00007ff8e8920000 - 0x00007ff8e89c5000 	C:\WINDOWS\System32\bcryptPrimitives.dll
0x00007ff8650c0000 - 0x00007ff8650e5000 	C:\Program Files\Java\jdk-17.0.17+10\bin\java.dll

dbghelp: loaded successfully - version: 4.0.5 - missing functions: none
symbol engine: initialized successfully - sym options: 0x614 - pdb path: .;C:\Program Files\Java\jdk-17.0.17+10\bin;C:\WINDOWS\SYSTEM32;C:\WINDOWS\WinSxS\amd64_microsoft.windows.common-controls_6595b64144ccf1df_6.0.26100.7705_none_3e06597ae3363b04;C:\Program Files\Java\jdk-17.0.17+10\bin\server

VM Arguments:
jvm_args: -Dnet.bytebuddy.agent.attacher.dump= 
java_command: net.bytebuddy.agent.Attacher com.sun.tools.attach.VirtualMachine 22220 C:\Users\Asus\.m2\repository\net\bytebuddy\byte-buddy-agent\1.14.13\byte-buddy-agent-1.14.13.jar false 
java_class_path (initial): C:\Users\Asus\.m2\repository\net\bytebuddy\byte-buddy-agent\1.14.13\byte-buddy-agent-1.14.13.jar
Launcher Type: SUN_STANDARD

[Global flags]
     intx CICompilerCount                          = 12                                        {product} {ergonomic}
     uint ConcGCThreads                            = 4                                         {product} {ergonomic}
     uint G1ConcRefinementThreads                  = 15                                        {product} {ergonomic}
   size_t G1HeapRegionSize                         = 2097152                                   {product} {ergonomic}
    uintx GCDrainStackTargetSize                   = 64                                        {product} {ergonomic}
   size_t InitialHeapSize                          = 264241152                                 {product} {ergonomic}
   size_t MarkStackSize                            = 4194304                                   {product} {ergonomic}
   size_t MaxHeapSize                              = 4213178368                                {product} {ergonomic}
   size_t MinHeapDeltaBytes                        = 2097152                                   {product} {ergonomic}
   size_t MinHeapSize                              = 8388608                                   {product} {ergonomic}
    uintx NonNMethodCodeHeapSize                   = 7602480                                {pd product} {ergonomic}
    uintx NonProfiledCodeHeapSize                  = 122027880                              {pd product} {ergonomic}
    uintx ProfiledCodeHeapSize                     = 122027880                              {pd product} {ergonomic}
    uintx ReservedCodeCacheSize                    = 251658240                              {pd product} {ergonomic}
     bool SegmentedCodeCache                       = true                                      {product} {ergonomic}
   size_t SoftMaxHeapSize                          = 4213178368                             {manageable} {ergonomic}
     bool UseCompressedClassPointers               = true                           {product lp64_product} {ergonomic}
     bool UseCompressedOops                        = true                           {product lp64_product} {ergonomic}
     bool UseG1GC                                  = true                                      {product} {ergonomic}
     bool UseLargePagesIndividualAllocation        = false                                  {pd product} {ergonomic}

Logging:
Log output configuration:
 #0: stdout all=warning uptime,level,tags
 #1: stderr all=off uptime,level,tags

Environment Variables:
PATH=C:\WINDOWS\system32;C:\WINDOWS;C:\WINDOWS\System32\Wbem;C:\WINDOWS\System32\WindowsPowerShell\v1.0\;C:\WINDOWS\System32\OpenSSH\;C:\Program Files\dotnet\;C:\Program Files\Git\cmd;C:\Program Files\nodejs\;C:\Program Files\PowerShell\7\;C:\Program Files\Java\jdk-17.0.17+10\bin;C:\Program Files\Apache\Maven\apache-maven-4.0.0-rc-5\bin;C:\Program Files\MySQL\MySQL Shell 8.0\bin\;C:\Users\Asus\AppData\Local\Microsoft\WindowsApps;C:\Users\Asus\AppData\Local\Programs\Microsoft VS Code\bin;C:\Users\Asus\AppData\Roaming\npm;C:\Users\Asus\AppData\Local\Microsoft\WinGet\Links;D:\Program Files\cursor\resources\app\bin
USERNAME=Asus
OS=Windows_NT
PROCESSOR_IDENTIFIER=Intel64 Family 6 Model 154 Stepping 3, GenuineIntel
TMP=C:\Users\Asus\AppData\Local\Temp
TEMP=C:\Users\Asus\AppData\Local\Temp



Periodic native trim disabled


---------------  S Y S T E M  ---------------

OS:
 Windows 11 , 64 bit Build 26100 (10.0.26100.7705)
OS uptime: 0 days 4:04 hours
Hyper-V role detected

CPU: total 20 (initial active 20) (10 cores per cpu, 2 threads per core) family 6 model 154 stepping 3 microcode 0x42c, cx8, cmov, fxsr, ht, mmx, 3dnowpref, sse, sse2, sse3, ssse3, sse4.1, sse4.2, popcnt, lzcnt, tsc, tscinvbit, avx, avx2, aes, erms, clmul, bmi1, bmi2, adx, sha, fma, vzeroupper, clflush, clflushopt, clwb, hv
Processor Information for processor 0
  Max Mhz: 2300, Current Mhz: 2300, Mhz Limit: 2300
Processor Information for processor 1
  Max Mhz: 2300, Current Mhz: 2300, Mhz Limit: 2300
Processor Information for processor 2
  Max Mhz: 2300, Current Mhz: 2300, Mhz Limit: 2300
Processor Information for processor 3
  Max Mhz: 2300, Current Mhz: 2300, Mhz Limit: 2300
Processor Information for processor 4
  Max Mhz: 2300, Current Mhz: 2300, Mhz Limit: 2300
Processor Information for processor 5
  Max Mhz: 2300, Current Mhz: 2300, Mhz Limit: 2300
Processor Information for processor 6
  Max Mhz: 2300, Current Mhz: 2300, Mhz Limit: 2300
Processor Information for processor 7
  Max Mhz: 2300, Current Mhz: 2300, Mhz Limit: 2300
Processor Information for processor 8
  Max Mhz: 2300, Current Mhz: 2300, Mhz Limit: 2300
Processor Information for processor 9
  Max Mhz: 2300, Current Mhz: 2300, Mhz Limit: 2300
Processor Information for processor 10
  Max Mhz: 2300, Current Mhz: 2300, Mhz Limit: 2300
Processor Information for processor 11
  Max Mhz: 2300, Current Mhz: 2300, Mhz Limit: 2300
Processor Information for processor 12
  Max Mhz: 2300, Current Mhz: 1700, Mhz Limit: 1679
Processor Information for processor 13
  Max Mhz: 2300, Current Mhz: 1700, Mhz Limit: 1679
Processor Information for processor 14
  Max Mhz: 2300, Current Mhz: 1700, Mhz Limit: 1679
Processor Information for processor 15
  Max Mhz: 2300, Current Mhz: 1700, Mhz Limit: 1679
Processor Information for processor 16
  Max Mhz: 2300, Current Mhz: 1700, Mhz Limit: 1679
Processor Information for processor 17
  Max Mhz: 2300, Current Mhz: 1700, Mhz Limit: 1679
Processor Information for processor 18
  Max Mhz: 2300, Current Mhz: 1700, Mhz Limit: 1679
Processor Information for processor 19
  Max Mhz: 2300, Current Mhz: 1700, Mhz Limit: 1679

Memory: 4k page, system-wide physical 16066M (1064M free)
TotalPageFile size 24739M (AvailPageFile size 183M)
current process WorkingSet (physical memory assigned to process): 12M, peak: 12M
current process commit charge ("private bytes"): 75M, peak: 327M

vm_info: OpenJDK 64-Bit Server VM (17.0.17+10) for windows-amd64 JRE (17.0.17+10), built on Oct 21 2025 23:25:32 by "admin" with unknown MS VC++:1942

END.
